2026-01-01 12:34:23 some stuff
